../Core/Src/main.c:150:14:softClip	48	static
../Core/Src/main.c:164:7:polyBLEP	24	static
../Core/Src/main.c:176:14:noiseGate	16	static
../Core/Src/main.c:182:14:movingAverage	32	static
../Core/Src/main.c:192:13:fillSawBlock	40	static
../Core/Src/main.c:224:13:IIR_LowPassFilter	48	static
../Core/Src/main.c:239:13:IIR_2ndOrderFilter	72	static
../Core/Src/main.c:299:6:HAL_TIM_PeriodElapsedCallback	16	static
../Core/Src/main.c:328:6:HAL_GPIO_EXTI_Callback	16	static
../Core/Src/main.c:347:6:HAL_I2S_TxHalfCpltCallback	48	static
../Core/Src/main.c:449:6:HAL_I2S_TxCpltCallback	48	static
../Core/Src/main.c:557:5:main	88	static
../Core/Src/main.c:680:6:SystemClock_Config	88	static
../Core/Src/main.c:726:13:MX_ADC1_Init	24	static
../Core/Src/main.c:788:13:MX_ADC2_Init	24	static
../Core/Src/main.c:894:13:MX_I2C1_Init	8	static
../Core/Src/main.c:928:13:MX_I2S3_Init	8	static
../Core/Src/main.c:962:13:MX_TIM2_Init	56	static
../Core/Src/main.c:1011:13:MX_TIM3_Init	56	static
../Core/Src/main.c:1060:13:MX_TIM4_Init	32	static
../Core/Src/main.c:1103:13:MX_DMA_Init	16	static
../Core/Src/main.c:1128:13:MX_GPIO_Init	56	static
../Core/Src/main.c:1213:6:Error_Handler	4	static,ignoring_inline_asm
